{"topics": [
    "msgrtr.apinode.metrics.dmaap",
    "28537.3",
    "Topic-28537-2"
]}