{
    "aux": {
        "description": "request for direct response KEY",
        "email": "no.email"
    },
    "secret": "5V6YSDm8R6v6TArrLLtJUx4L",
    "key": "HnJm7b9Zr16hgpU5"
}