{"topics": [
    "Topic-28592-2",
    "msgrtr.apinode.metrics.dmaap",
    "28537.3",
    "Topic-28537-2"
]}