{
    "owner": "HnJm7b9Zr16hgpU5",
    "readerAcl": {
        "enabled": true,
        "users": []
    },
    "name": "Topic-28592-2",
    "description": "topic for test 2.2",
    "writerAcl": {
        "enabled": true,
        "users": []
    }
}