["{\"datestamp\":\"Thu Dec 15 19:50:40 UTC 2016\",\"value\":\"this is a test\",\"key\":\"3.3\"}"]